// Jest Snapshot v1, https://goo.gl/fbAQLP

exports[`Pruebas en <GiftItem /> Debe hacer martch con el snapshot 1`] = `
<div>
  <div
    class="card"
  >
    <img
      alt="sitama"
      src="https://onepuchn.com/saitama.jpg"
    />
    <p>
      sitama
    </p>
  </div>
</div>
`;
